<html>
<body>
<pre>
<h1>µVision Build Log</h1>
<h2>Project:</h2>
D:\4th Electrical Computer AI\1st term\Embeddings\Embedded_Examples\Examples\Example009\Example009.uvproj
Project File Date:  03/13/2018

<h2>Output:</h2>
Build target 'Source'
compiling main.c...
linking...
Program Size: Code=3856 RO-data=224 RW-data=96 ZI-data=4808  
".\Output\Example009.axf" - 0 Error(s), 0 Warning(s).
</pre>
</body>
</html>
ze: Code=3840 RO-data=224 RW-data=92 ZI-data=4812  
".\Output\Example009.axf" - 0 Error(s), 0 Warning(s).
