<html>
<body>
<pre>
<h1>µVision Build Log</h1>
<h2>Project:</h2>
D:\4th Electrical Computer AI\Embedded\Examples\Example003\Example003.uvproj
Project File Date:  02/15/2018

<h2>Output:</h2>
Build target 'Source'
compiling list.c...
compiling queue.c...
compiling tasks.c...
compiling heap_1.c...
compiling port.c...
compiling main.c...
compiling basic_io.c...
linking...
Program Size: Code=3284 RO-data=264 RW-data=72 ZI-data=4792  
".\Output\Example003.axf" - 0 Error(s), 0 Warning(s).
</pre>
</body>
</html>
