<html>
<body>
<pre>
<h1>µVision Build Log</h1>
<h2>Project:</h2>
D:\sherif hammad\work_starting_Jan_2018\CSE347\source-code-for-Cortex-M3-examples-using-the Keil-MDK-simulator_shammad\source-code-for-Cortex-M3-examples-using-the Keil-MDK-Simulator\Examples\Example006\Example006.uvproj
Project File Date:  02/17/2018

<h2>Output:</h2>
Rebuild target 'Source'
compiling list.c...
compiling queue.c...
compiling tasks.c...
compiling heap_1.c...
compiling port.c...
compiling main.c...
compiling basic_io.c...
assembling startup_MPS_CM3.s...
linking...
Program Size: Code=3528 RO-data=304 RW-data=76 ZI-data=4788  
".\Output\Example006.axf" - 0 Error(s), 0 Warning(s).
</pre>
</body>
</html>
