<html>
<body>
<pre>
<h1>µVision Build Log</h1>
<h2>Project:</h2>
D:\4th Electrical Computer AI\1st term\Embeddings\Embedded_Examples\Examples\Example008\Example008.uvproj
Project File Date:  02/23/2018

<h2>Output:</h2>
Build target 'Source'
compiling list.c...
compiling queue.c...
compiling tasks.c...
compiling heap_1.c...
compiling port.c...
compiling main.c...
compiling basic_io.c...
linking...
Program Size: Code=3592 RO-data=224 RW-data=68 ZI-data=4788  
".\Output\Example008.axf" - 0 Error(s), 0 Warning(s).
</pre>
</body>
</html>
